[1,Each,TenPercentDiscount,10] => {
  "TotalPrice": 1.8,
  "SpecialOffer": "TenPercentDiscount",
  "Discounts": [
    {
      "Description": "10% off",
      "DiscountAmount": -0.2,
      "Product": {
        "Name": "chocolate",
        "Unit": "Each"
      }
    }
  ],
  "Items": [
    {
      "Product": {
        "Name": "chocolate",
        "Unit": "Each"
      },
      "Price": 1,
      "TotalPrice": 1,
      "Quantity": 1
    },
    {
      "Product": {
        "Name": "chocolate",
        "Unit": "Each"
      },
      "Price": 1,
      "TotalPrice": 1,
      "Quantity": 1
    }
  ]
}
[1,Each,FiveForAmount,10] => {
  "TotalPrice": 2,
  "SpecialOffer": "TenPercentDiscount",
  "Discounts": [],
  "Items": [
    {
      "Product": {
        "Name": "chocolate",
        "Unit": "Each"
      },
      "Price": 1,
      "TotalPrice": 1,
      "Quantity": 1
    },
    {
      "Product": {
        "Name": "chocolate",
        "Unit": "Each"
      },
      "Price": 1,
      "TotalPrice": 1,
      "Quantity": 1
    }
  ]
}
[1,Each,ThreeForTwo,10] => {
  "TotalPrice": 2,
  "SpecialOffer": "TenPercentDiscount",
  "Discounts": [],
  "Items": [
    {
      "Product": {
        "Name": "chocolate",
        "Unit": "Each"
      },
      "Price": 1,
      "TotalPrice": 1,
      "Quantity": 1
    },
    {
      "Product": {
        "Name": "chocolate",
        "Unit": "Each"
      },
      "Price": 1,
      "TotalPrice": 1,
      "Quantity": 1
    }
  ]
}
[1,Each,TwoForAmount,10] => {
  "TotalPrice": 10,
  "SpecialOffer": "TenPercentDiscount",
  "Discounts": [
    {
      "Description": "2 for 10",
      "DiscountAmount": 8,
      "Product": {
        "Name": "chocolate",
        "Unit": "Each"
      }
    }
  ],
  "Items": [
    {
      "Product": {
        "Name": "chocolate",
        "Unit": "Each"
      },
      "Price": 1,
      "TotalPrice": 1,
      "Quantity": 1
    },
    {
      "Product": {
        "Name": "chocolate",
        "Unit": "Each"
      },
      "Price": 1,
      "TotalPrice": 1,
      "Quantity": 1
    }
  ]
}
[1,Kilo,TenPercentDiscount,10] => {
  "TotalPrice": 1.8,
  "SpecialOffer": "TenPercentDiscount",
  "Discounts": [
    {
      "Description": "10% off",
      "DiscountAmount": -0.2,
      "Product": {
        "Name": "chocolate",
        "Unit": "Kilo"
      }
    }
  ],
  "Items": [
    {
      "Product": {
        "Name": "chocolate",
        "Unit": "Kilo"
      },
      "Price": 1,
      "TotalPrice": 1,
      "Quantity": 1
    },
    {
      "Product": {
        "Name": "chocolate",
        "Unit": "Kilo"
      },
      "Price": 1,
      "TotalPrice": 1,
      "Quantity": 1
    }
  ]
}
[1,Kilo,FiveForAmount,10] => {
  "TotalPrice": 2,
  "SpecialOffer": "TenPercentDiscount",
  "Discounts": [],
  "Items": [
    {
      "Product": {
        "Name": "chocolate",
        "Unit": "Kilo"
      },
      "Price": 1,
      "TotalPrice": 1,
      "Quantity": 1
    },
    {
      "Product": {
        "Name": "chocolate",
        "Unit": "Kilo"
      },
      "Price": 1,
      "TotalPrice": 1,
      "Quantity": 1
    }
  ]
}
[1,Kilo,ThreeForTwo,10] => {
  "TotalPrice": 2,
  "SpecialOffer": "TenPercentDiscount",
  "Discounts": [],
  "Items": [
    {
      "Product": {
        "Name": "chocolate",
        "Unit": "Kilo"
      },
      "Price": 1,
      "TotalPrice": 1,
      "Quantity": 1
    },
    {
      "Product": {
        "Name": "chocolate",
        "Unit": "Kilo"
      },
      "Price": 1,
      "TotalPrice": 1,
      "Quantity": 1
    }
  ]
}
[1,Kilo,TwoForAmount,10] => {
  "TotalPrice": 10,
  "SpecialOffer": "TenPercentDiscount",
  "Discounts": [
    {
      "Description": "2 for 10",
      "DiscountAmount": 8,
      "Product": {
        "Name": "chocolate",
        "Unit": "Kilo"
      }
    }
  ],
  "Items": [
    {
      "Product": {
        "Name": "chocolate",
        "Unit": "Kilo"
      },
      "Price": 1,
      "TotalPrice": 1,
      "Quantity": 1
    },
    {
      "Product": {
        "Name": "chocolate",
        "Unit": "Kilo"
      },
      "Price": 1,
      "TotalPrice": 1,
      "Quantity": 1
    }
  ]
}
[5,Each,TenPercentDiscount,10] => {
  "TotalPrice": 5.4,
  "SpecialOffer": "TenPercentDiscount",
  "Discounts": [
    {
      "Description": "10% off",
      "DiscountAmount": -0.6,
      "Product": {
        "Name": "chocolate",
        "Unit": "Each"
      }
    }
  ],
  "Items": [
    {
      "Product": {
        "Name": "chocolate",
        "Unit": "Each"
      },
      "Price": 1,
      "TotalPrice": 1,
      "Quantity": 1
    },
    {
      "Product": {
        "Name": "chocolate",
        "Unit": "Each"
      },
      "Price": 1,
      "TotalPrice": 5,
      "Quantity": 5
    }
  ]
}
[5,Each,FiveForAmount,10] => {
  "TotalPrice": 11,
  "SpecialOffer": "TenPercentDiscount",
  "Discounts": [
    {
      "Description": "5 for 10",
      "DiscountAmount": 5,
      "Product": {
        "Name": "chocolate",
        "Unit": "Each"
      }
    }
  ],
  "Items": [
    {
      "Product": {
        "Name": "chocolate",
        "Unit": "Each"
      },
      "Price": 1,
      "TotalPrice": 1,
      "Quantity": 1
    },
    {
      "Product": {
        "Name": "chocolate",
        "Unit": "Each"
      },
      "Price": 1,
      "TotalPrice": 5,
      "Quantity": 5
    }
  ]
}
[5,Each,ThreeForTwo,10] => {
  "TotalPrice": 4,
  "SpecialOffer": "TenPercentDiscount",
  "Discounts": [
    {
      "Description": "3 for 2",
      "DiscountAmount": -2,
      "Product": {
        "Name": "chocolate",
        "Unit": "Each"
      }
    }
  ],
  "Items": [
    {
      "Product": {
        "Name": "chocolate",
        "Unit": "Each"
      },
      "Price": 1,
      "TotalPrice": 1,
      "Quantity": 1
    },
    {
      "Product": {
        "Name": "chocolate",
        "Unit": "Each"
      },
      "Price": 1,
      "TotalPrice": 5,
      "Quantity": 5
    }
  ]
}
[5,Each,TwoForAmount,10] => {
  "TotalPrice": 30,
  "SpecialOffer": "TenPercentDiscount",
  "Discounts": [
    {
      "Description": "2 for 10",
      "DiscountAmount": 24,
      "Product": {
        "Name": "chocolate",
        "Unit": "Each"
      }
    }
  ],
  "Items": [
    {
      "Product": {
        "Name": "chocolate",
        "Unit": "Each"
      },
      "Price": 1,
      "TotalPrice": 1,
      "Quantity": 1
    },
    {
      "Product": {
        "Name": "chocolate",
        "Unit": "Each"
      },
      "Price": 1,
      "TotalPrice": 5,
      "Quantity": 5
    }
  ]
}
[5,Kilo,TenPercentDiscount,10] => {
  "TotalPrice": 5.4,
  "SpecialOffer": "TenPercentDiscount",
  "Discounts": [
    {
      "Description": "10% off",
      "DiscountAmount": -0.6,
      "Product": {
        "Name": "chocolate",
        "Unit": "Kilo"
      }
    }
  ],
  "Items": [
    {
      "Product": {
        "Name": "chocolate",
        "Unit": "Kilo"
      },
      "Price": 1,
      "TotalPrice": 1,
      "Quantity": 1
    },
    {
      "Product": {
        "Name": "chocolate",
        "Unit": "Kilo"
      },
      "Price": 1,
      "TotalPrice": 5,
      "Quantity": 5
    }
  ]
}
[5,Kilo,FiveForAmount,10] => {
  "TotalPrice": 11,
  "SpecialOffer": "TenPercentDiscount",
  "Discounts": [
    {
      "Description": "5 for 10",
      "DiscountAmount": 5,
      "Product": {
        "Name": "chocolate",
        "Unit": "Kilo"
      }
    }
  ],
  "Items": [
    {
      "Product": {
        "Name": "chocolate",
        "Unit": "Kilo"
      },
      "Price": 1,
      "TotalPrice": 1,
      "Quantity": 1
    },
    {
      "Product": {
        "Name": "chocolate",
        "Unit": "Kilo"
      },
      "Price": 1,
      "TotalPrice": 5,
      "Quantity": 5
    }
  ]
}
[5,Kilo,ThreeForTwo,10] => {
  "TotalPrice": 4,
  "SpecialOffer": "TenPercentDiscount",
  "Discounts": [
    {
      "Description": "3 for 2",
      "DiscountAmount": -2,
      "Product": {
        "Name": "chocolate",
        "Unit": "Kilo"
      }
    }
  ],
  "Items": [
    {
      "Product": {
        "Name": "chocolate",
        "Unit": "Kilo"
      },
      "Price": 1,
      "TotalPrice": 1,
      "Quantity": 1
    },
    {
      "Product": {
        "Name": "chocolate",
        "Unit": "Kilo"
      },
      "Price": 1,
      "TotalPrice": 5,
      "Quantity": 5
    }
  ]
}
[5,Kilo,TwoForAmount,10] => {
  "TotalPrice": 30,
  "SpecialOffer": "TenPercentDiscount",
  "Discounts": [
    {
      "Description": "2 for 10",
      "DiscountAmount": 24,
      "Product": {
        "Name": "chocolate",
        "Unit": "Kilo"
      }
    }
  ],
  "Items": [
    {
      "Product": {
        "Name": "chocolate",
        "Unit": "Kilo"
      },
      "Price": 1,
      "TotalPrice": 1,
      "Quantity": 1
    },
    {
      "Product": {
        "Name": "chocolate",
        "Unit": "Kilo"
      },
      "Price": 1,
      "TotalPrice": 5,
      "Quantity": 5
    }
  ]
}
